// Jest Snapshot v1, https://goo.gl/fbAQLP

exports[`Category match snapshot 1`] = `
<View
  accessibilityState={
    {
      "busy": undefined,
      "checked": undefined,
      "disabled": undefined,
      "expanded": undefined,
      "selected": undefined,
    }
  }
  accessibilityValue={
    {
      "max": undefined,
      "min": undefined,
      "now": undefined,
      "text": undefined,
    }
  }
  accessible={true}
  collapsable={false}
  focusable={false}
  onClick={[Function]}
  onResponderGrant={[Function]}
  onResponderMove={[Function]}
  onResponderRelease={[Function]}
  onResponderTerminate={[Function]}
  onResponderTerminationRequest={[Function]}
  onStartShouldSetResponder={[Function]}
  style={
    {
      "backgroundColor": "#686fcc",
      "borderColor": "#000",
      "borderRadius": 20,
      "borderWidth": 1,
      "opacity": 1,
      "paddingHorizontal": "15%",
      "paddingVertical": "5%",
    }
  }
>
  <Text
    style={
      [
        {
          "color": "#000",
        },
        [
          {
            "textAlign": "center",
          },
          {
            "fontFamily": "comic",
          },
        ],
      ]
    }
    testID="category-text"
  >
    test
  </Text>
</View>
`;

exports[`StyledText match snapshot 1`] = `
<View
  accessibilityState={
    {
      "busy": undefined,
      "checked": undefined,
      "disabled": undefined,
      "expanded": undefined,
      "selected": undefined,
    }
  }
  accessibilityValue={
    {
      "max": undefined,
      "min": undefined,
      "now": undefined,
      "text": undefined,
    }
  }
  accessible={true}
  collapsable={false}
  focusable={false}
  onClick={[Function]}
  onResponderGrant={[Function]}
  onResponderMove={[Function]}
  onResponderRelease={[Function]}
  onResponderTerminate={[Function]}
  onResponderTerminationRequest={[Function]}
  onStartShouldSetResponder={[Function]}
  style={
    {
      "backgroundColor": "#686fcc",
      "borderColor": "#000",
      "borderRadius": 20,
      "borderWidth": 1,
      "opacity": 1,
      "paddingHorizontal": "15%",
      "paddingVertical": "5%",
    }
  }
>
  <Text
    style={
      [
        {
          "color": "#000",
        },
        [
          {
            "textAlign": "center",
          },
          {
            "fontFamily": "comic",
          },
        ],
      ]
    }
    testID="category-text"
  >
    test
  </Text>
</View>
`;
