// Jest Snapshot v1, https://goo.gl/fbAQLP

exports[`LeaderboardScreen match snapshot 1`] = `
<View
  style={
    [
      {
        "backgroundColor": "#fff",
      },
      {
        "alignItems": "center",
        "flex": 1,
        "justifyContent": "center",
      },
    ]
  }
>
  <Text
    style={
      [
        {
          "color": "#000",
        },
        [
          {
            "fontSize": 30,
            "marginVertical": "20%",
            "paddingHorizontal": 40,
            "textAlign": "center",
          },
          {
            "fontFamily": "comic",
          },
        ],
      ]
    }
    testID="title-text"
  >
    Correct! Congratulations You Earn 10 Points
  </Text>
  <View
    accessibilityState={
      {
        "busy": undefined,
        "checked": undefined,
        "disabled": undefined,
        "expanded": undefined,
        "selected": undefined,
      }
    }
    accessibilityValue={
      {
        "max": undefined,
        "min": undefined,
        "now": undefined,
        "text": undefined,
      }
    }
    accessible={true}
    collapsable={false}
    focusable={true}
    onClick={[Function]}
    onResponderGrant={[Function]}
    onResponderMove={[Function]}
    onResponderRelease={[Function]}
    onResponderTerminate={[Function]}
    onResponderTerminationRequest={[Function]}
    onStartShouldSetResponder={[Function]}
    style={
      {
        "alignItems": "center",
        "backgroundColor": "#686fcc",
        "borderRadius": 20,
        "bottom": 20,
        "opacity": 1,
        "paddingHorizontal": "15%",
        "paddingVertical": "5%",
        "position": "absolute",
        "width": "90%",
      }
    }
    testID="button-next"
  >
    <Text
      style={
        [
          {
            "color": "#000",
          },
          [
            undefined,
            {
              "fontFamily": "comic",
            },
          ],
        ]
      }
    >
      Next
    </Text>
  </View>
</View>
`;

exports[`QuestionSuccessScreen match snapshot 1`] = `
<View
  style={
    [
      {
        "backgroundColor": "#fff",
      },
      {
        "alignItems": "center",
        "flex": 1,
        "justifyContent": "center",
      },
    ]
  }
>
  <Text
    style={
      [
        {
          "color": "#000",
        },
        [
          {
            "fontSize": 30,
            "marginVertical": "20%",
            "paddingHorizontal": 40,
            "textAlign": "center",
          },
          {
            "fontFamily": "comic",
          },
        ],
      ]
    }
    testID="title-text"
  >
    Correct! Congratulations You Earn 10 Points
  </Text>
  <View
    accessibilityState={
      {
        "busy": undefined,
        "checked": undefined,
        "disabled": undefined,
        "expanded": undefined,
        "selected": undefined,
      }
    }
    accessibilityValue={
      {
        "max": undefined,
        "min": undefined,
        "now": undefined,
        "text": undefined,
      }
    }
    accessible={true}
    collapsable={false}
    focusable={true}
    onClick={[Function]}
    onResponderGrant={[Function]}
    onResponderMove={[Function]}
    onResponderRelease={[Function]}
    onResponderTerminate={[Function]}
    onResponderTerminationRequest={[Function]}
    onStartShouldSetResponder={[Function]}
    style={
      {
        "alignItems": "center",
        "backgroundColor": "#686fcc",
        "borderRadius": 20,
        "bottom": 20,
        "opacity": 1,
        "paddingHorizontal": "15%",
        "paddingVertical": "5%",
        "position": "absolute",
        "width": "90%",
      }
    }
    testID="button-next"
  >
    <Text
      style={
        [
          {
            "color": "#000",
          },
          [
            undefined,
            {
              "fontFamily": "comic",
            },
          ],
        ]
      }
    >
      Next
    </Text>
  </View>
</View>
`;
